// Jest Snapshot v1, https://goo.gl/fbAQLP

exports[`components/NavMenu matches the snapshot 1`] = `
<nav
  className="sidebar-nav flex-column justify-space-between"
  onClick={[Function]}
>
  <div
    className="no-pointer-events"
  >
    <a
      aria-disabled={true}
      className="no-pointer-events"
      disabled={true}
      href="/"
      onBlur={[Function]}
      onClick={[Function]}
      onFocus={[Function]}
      onKeyDown={[Function]}
      onKeyUp={[Function]}
      onMouseEnter={[Function]}
      onMouseLeave={[Function]}
      onTouchStart={[Function]}
      style={
        Object {
          "WebkitTapHighlightColor": "rgba(0, 0, 0, 0)",
          "backgroundColor": "rgba(0, 0, 0, 0)",
          "border": 10,
          "borderRadius": 2,
          "boxSizing": "border-box",
          "color": "rgba(255, 255, 255, 0.3)",
          "cursor": "default",
          "display": "inline-block",
          "fontFamily": "Roboto, sans-serif",
          "fontSize": "inherit",
          "fontWeight": "inherit",
          "height": 36,
          "lineHeight": "36px",
          "margin": 0,
          "minWidth": "100%",
          "muiPrepared": true,
          "outline": "none",
          "overflow": "hidden",
          "padding": 0,
          "position": "relative",
          "textAlign": "center",
          "textDecoration": "none",
          "transition": "all 450ms cubic-bezier(0.23, 1, 0.32, 1) 0ms",
          "userSelect": "none",
          "verticalAlign": null,
        }
      }
      tabIndex={-1}
    >
      <span
        style={
          Object {
            "fontSize": 14,
            "fontWeight": 500,
            "letterSpacing": 0,
            "muiPrepared": true,
            "paddingLeft": 16,
            "paddingRight": 16,
            "position": "relative",
            "textTransform": "uppercase",
            "verticalAlign": "middle",
          }
        }
      >
        Home
      </span>
    </a>
    <a
      className="pointer-events-auto"
      disabled={false}
      href="/people/search"
      onBlur={[Function]}
      onClick={[Function]}
      onFocus={[Function]}
      onKeyDown={[Function]}
      onKeyUp={[Function]}
      onMouseEnter={[Function]}
      onMouseLeave={[Function]}
      onTouchStart={[Function]}
      style={
        Object {
          "WebkitTapHighlightColor": "rgba(0, 0, 0, 0)",
          "backgroundColor": "rgba(0, 0, 0, 0)",
          "border": 10,
          "borderRadius": 2,
          "boxSizing": "border-box",
          "color": "rgba(255, 255, 255, 1)",
          "cursor": "pointer",
          "display": "inline-block",
          "fontFamily": "Roboto, sans-serif",
          "fontSize": "inherit",
          "fontWeight": "inherit",
          "height": 36,
          "lineHeight": "36px",
          "margin": 0,
          "minWidth": "100%",
          "muiPrepared": true,
          "outline": "none",
          "overflow": "hidden",
          "padding": 0,
          "position": "relative",
          "textAlign": "center",
          "textDecoration": "none",
          "transition": "all 450ms cubic-bezier(0.23, 1, 0.32, 1) 0ms",
          "userSelect": "none",
          "verticalAlign": null,
        }
      }
      tabIndex={0}
    >
      <div
        onMouseDown={[Function]}
        onMouseLeave={[Function]}
        onMouseUp={[Function]}
        onTouchEnd={[Function]}
        onTouchStart={[Function]}
      >
        <span
          style={
            Object {
              "fontSize": 14,
              "fontWeight": 500,
              "letterSpacing": 0,
              "muiPrepared": true,
              "paddingLeft": 16,
              "paddingRight": 16,
              "position": "relative",
              "textTransform": "uppercase",
              "verticalAlign": "middle",
            }
          }
        >
          Search
        </span>
      </div>
    </a>
    <a
      className="pointer-events-auto"
      disabled={false}
      href="/people/page/1"
      onBlur={[Function]}
      onClick={[Function]}
      onFocus={[Function]}
      onKeyDown={[Function]}
      onKeyUp={[Function]}
      onMouseEnter={[Function]}
      onMouseLeave={[Function]}
      onTouchStart={[Function]}
      style={
        Object {
          "WebkitTapHighlightColor": "rgba(0, 0, 0, 0)",
          "backgroundColor": "rgba(0, 0, 0, 0)",
          "border": 10,
          "borderRadius": 2,
          "boxSizing": "border-box",
          "color": "rgba(255, 255, 255, 1)",
          "cursor": "pointer",
          "display": "inline-block",
          "fontFamily": "Roboto, sans-serif",
          "fontSize": "inherit",
          "fontWeight": "inherit",
          "height": 36,
          "lineHeight": "36px",
          "margin": 0,
          "minWidth": "100%",
          "muiPrepared": true,
          "outline": "none",
          "overflow": "hidden",
          "padding": 0,
          "position": "relative",
          "textAlign": "center",
          "textDecoration": "none",
          "transition": "all 450ms cubic-bezier(0.23, 1, 0.32, 1) 0ms",
          "userSelect": "none",
          "verticalAlign": null,
        }
      }
      tabIndex={0}
    >
      <div
        onMouseDown={[Function]}
        onMouseLeave={[Function]}
        onMouseUp={[Function]}
        onTouchEnd={[Function]}
        onTouchStart={[Function]}
      >
        <span
          style={
            Object {
              "fontSize": 14,
              "fontWeight": 500,
              "letterSpacing": 0,
              "muiPrepared": true,
              "paddingLeft": 16,
              "paddingRight": 16,
              "position": "relative",
              "textTransform": "uppercase",
              "verticalAlign": "middle",
            }
          }
        >
          people
        </span>
      </div>
    </a>
    <a
      className="pointer-events-auto"
      disabled={false}
      href="/planets/page/1"
      onBlur={[Function]}
      onClick={[Function]}
      onFocus={[Function]}
      onKeyDown={[Function]}
      onKeyUp={[Function]}
      onMouseEnter={[Function]}
      onMouseLeave={[Function]}
      onTouchStart={[Function]}
      style={
        Object {
          "WebkitTapHighlightColor": "rgba(0, 0, 0, 0)",
          "backgroundColor": "rgba(0, 0, 0, 0)",
          "border": 10,
          "borderRadius": 2,
          "boxSizing": "border-box",
          "color": "rgba(255, 255, 255, 1)",
          "cursor": "pointer",
          "display": "inline-block",
          "fontFamily": "Roboto, sans-serif",
          "fontSize": "inherit",
          "fontWeight": "inherit",
          "height": 36,
          "lineHeight": "36px",
          "margin": 0,
          "minWidth": "100%",
          "muiPrepared": true,
          "outline": "none",
          "overflow": "hidden",
          "padding": 0,
          "position": "relative",
          "textAlign": "center",
          "textDecoration": "none",
          "transition": "all 450ms cubic-bezier(0.23, 1, 0.32, 1) 0ms",
          "userSelect": "none",
          "verticalAlign": null,
        }
      }
      tabIndex={0}
    >
      <div
        onMouseDown={[Function]}
        onMouseLeave={[Function]}
        onMouseUp={[Function]}
        onTouchEnd={[Function]}
        onTouchStart={[Function]}
      >
        <span
          style={
            Object {
              "fontSize": 14,
              "fontWeight": 500,
              "letterSpacing": 0,
              "muiPrepared": true,
              "paddingLeft": 16,
              "paddingRight": 16,
              "position": "relative",
              "textTransform": "uppercase",
              "verticalAlign": "middle",
            }
          }
        >
          planets
        </span>
      </div>
    </a>
    <a
      className="pointer-events-auto"
      disabled={false}
      href="/films/page/1"
      onBlur={[Function]}
      onClick={[Function]}
      onFocus={[Function]}
      onKeyDown={[Function]}
      onKeyUp={[Function]}
      onMouseEnter={[Function]}
      onMouseLeave={[Function]}
      onTouchStart={[Function]}
      style={
        Object {
          "WebkitTapHighlightColor": "rgba(0, 0, 0, 0)",
          "backgroundColor": "rgba(0, 0, 0, 0)",
          "border": 10,
          "borderRadius": 2,
          "boxSizing": "border-box",
          "color": "rgba(255, 255, 255, 1)",
          "cursor": "pointer",
          "display": "inline-block",
          "fontFamily": "Roboto, sans-serif",
          "fontSize": "inherit",
          "fontWeight": "inherit",
          "height": 36,
          "lineHeight": "36px",
          "margin": 0,
          "minWidth": "100%",
          "muiPrepared": true,
          "outline": "none",
          "overflow": "hidden",
          "padding": 0,
          "position": "relative",
          "textAlign": "center",
          "textDecoration": "none",
          "transition": "all 450ms cubic-bezier(0.23, 1, 0.32, 1) 0ms",
          "userSelect": "none",
          "verticalAlign": null,
        }
      }
      tabIndex={0}
    >
      <div
        onMouseDown={[Function]}
        onMouseLeave={[Function]}
        onMouseUp={[Function]}
        onTouchEnd={[Function]}
        onTouchStart={[Function]}
      >
        <span
          style={
            Object {
              "fontSize": 14,
              "fontWeight": 500,
              "letterSpacing": 0,
              "muiPrepared": true,
              "paddingLeft": 16,
              "paddingRight": 16,
              "position": "relative",
              "textTransform": "uppercase",
              "verticalAlign": "middle",
            }
          }
        >
          films
        </span>
      </div>
    </a>
    <a
      className="pointer-events-auto"
      disabled={false}
      href="/species/page/1"
      onBlur={[Function]}
      onClick={[Function]}
      onFocus={[Function]}
      onKeyDown={[Function]}
      onKeyUp={[Function]}
      onMouseEnter={[Function]}
      onMouseLeave={[Function]}
      onTouchStart={[Function]}
      style={
        Object {
          "WebkitTapHighlightColor": "rgba(0, 0, 0, 0)",
          "backgroundColor": "rgba(0, 0, 0, 0)",
          "border": 10,
          "borderRadius": 2,
          "boxSizing": "border-box",
          "color": "rgba(255, 255, 255, 1)",
          "cursor": "pointer",
          "display": "inline-block",
          "fontFamily": "Roboto, sans-serif",
          "fontSize": "inherit",
          "fontWeight": "inherit",
          "height": 36,
          "lineHeight": "36px",
          "margin": 0,
          "minWidth": "100%",
          "muiPrepared": true,
          "outline": "none",
          "overflow": "hidden",
          "padding": 0,
          "position": "relative",
          "textAlign": "center",
          "textDecoration": "none",
          "transition": "all 450ms cubic-bezier(0.23, 1, 0.32, 1) 0ms",
          "userSelect": "none",
          "verticalAlign": null,
        }
      }
      tabIndex={0}
    >
      <div
        onMouseDown={[Function]}
        onMouseLeave={[Function]}
        onMouseUp={[Function]}
        onTouchEnd={[Function]}
        onTouchStart={[Function]}
      >
        <span
          style={
            Object {
              "fontSize": 14,
              "fontWeight": 500,
              "letterSpacing": 0,
              "muiPrepared": true,
              "paddingLeft": 16,
              "paddingRight": 16,
              "position": "relative",
              "textTransform": "uppercase",
              "verticalAlign": "middle",
            }
          }
        >
          species
        </span>
      </div>
    </a>
    <a
      className="pointer-events-auto"
      disabled={false}
      href="/vehicles/page/1"
      onBlur={[Function]}
      onClick={[Function]}
      onFocus={[Function]}
      onKeyDown={[Function]}
      onKeyUp={[Function]}
      onMouseEnter={[Function]}
      onMouseLeave={[Function]}
      onTouchStart={[Function]}
      style={
        Object {
          "WebkitTapHighlightColor": "rgba(0, 0, 0, 0)",
          "backgroundColor": "rgba(0, 0, 0, 0)",
          "border": 10,
          "borderRadius": 2,
          "boxSizing": "border-box",
          "color": "rgba(255, 255, 255, 1)",
          "cursor": "pointer",
          "display": "inline-block",
          "fontFamily": "Roboto, sans-serif",
          "fontSize": "inherit",
          "fontWeight": "inherit",
          "height": 36,
          "lineHeight": "36px",
          "margin": 0,
          "minWidth": "100%",
          "muiPrepared": true,
          "outline": "none",
          "overflow": "hidden",
          "padding": 0,
          "position": "relative",
          "textAlign": "center",
          "textDecoration": "none",
          "transition": "all 450ms cubic-bezier(0.23, 1, 0.32, 1) 0ms",
          "userSelect": "none",
          "verticalAlign": null,
        }
      }
      tabIndex={0}
    >
      <div
        onMouseDown={[Function]}
        onMouseLeave={[Function]}
        onMouseUp={[Function]}
        onTouchEnd={[Function]}
        onTouchStart={[Function]}
      >
        <span
          style={
            Object {
              "fontSize": 14,
              "fontWeight": 500,
              "letterSpacing": 0,
              "muiPrepared": true,
              "paddingLeft": 16,
              "paddingRight": 16,
              "position": "relative",
              "textTransform": "uppercase",
              "verticalAlign": "middle",
            }
          }
        >
          vehicles
        </span>
      </div>
    </a>
    <a
      className="pointer-events-auto"
      disabled={false}
      href="/starships/page/1"
      onBlur={[Function]}
      onClick={[Function]}
      onFocus={[Function]}
      onKeyDown={[Function]}
      onKeyUp={[Function]}
      onMouseEnter={[Function]}
      onMouseLeave={[Function]}
      onTouchStart={[Function]}
      style={
        Object {
          "WebkitTapHighlightColor": "rgba(0, 0, 0, 0)",
          "backgroundColor": "rgba(0, 0, 0, 0)",
          "border": 10,
          "borderRadius": 2,
          "boxSizing": "border-box",
          "color": "rgba(255, 255, 255, 1)",
          "cursor": "pointer",
          "display": "inline-block",
          "fontFamily": "Roboto, sans-serif",
          "fontSize": "inherit",
          "fontWeight": "inherit",
          "height": 36,
          "lineHeight": "36px",
          "margin": 0,
          "minWidth": "100%",
          "muiPrepared": true,
          "outline": "none",
          "overflow": "hidden",
          "padding": 0,
          "position": "relative",
          "textAlign": "center",
          "textDecoration": "none",
          "transition": "all 450ms cubic-bezier(0.23, 1, 0.32, 1) 0ms",
          "userSelect": "none",
          "verticalAlign": null,
        }
      }
      tabIndex={0}
    >
      <div
        onMouseDown={[Function]}
        onMouseLeave={[Function]}
        onMouseUp={[Function]}
        onTouchEnd={[Function]}
        onTouchStart={[Function]}
      >
        <span
          style={
            Object {
              "fontSize": 14,
              "fontWeight": 500,
              "letterSpacing": 0,
              "muiPrepared": true,
              "paddingLeft": 16,
              "paddingRight": 16,
              "position": "relative",
              "textTransform": "uppercase",
              "verticalAlign": "middle",
            }
          }
        >
          starships
        </span>
      </div>
    </a>
  </div>
  <div
    className="sidebar-bottom no-pointer-events"
  >
    <hr
      style={
        Object {
          "backgroundColor": "rgba(255, 255, 255, 0.3)",
          "border": "none",
          "height": 1,
          "margin": 0,
          "marginLeft": 0,
          "marginTop": -1,
          "muiPrepared": true,
        }
      }
    />
    <a
      className="pointer-events-auto"
      disabled={false}
      href="/about"
      onBlur={[Function]}
      onClick={[Function]}
      onFocus={[Function]}
      onKeyDown={[Function]}
      onKeyUp={[Function]}
      onMouseEnter={[Function]}
      onMouseLeave={[Function]}
      onTouchStart={[Function]}
      style={
        Object {
          "WebkitTapHighlightColor": "rgba(0, 0, 0, 0)",
          "backgroundColor": "rgba(0, 0, 0, 0)",
          "border": 10,
          "borderRadius": 2,
          "boxSizing": "border-box",
          "color": "rgba(255, 255, 255, 1)",
          "cursor": "pointer",
          "display": "inline-block",
          "fontFamily": "Roboto, sans-serif",
          "fontSize": "inherit",
          "fontWeight": "inherit",
          "height": 36,
          "lineHeight": "36px",
          "margin": 0,
          "minWidth": "100%",
          "muiPrepared": true,
          "outline": "none",
          "overflow": "hidden",
          "padding": 0,
          "position": "relative",
          "textAlign": "center",
          "textDecoration": "none",
          "transition": "all 450ms cubic-bezier(0.23, 1, 0.32, 1) 0ms",
          "userSelect": "none",
          "verticalAlign": null,
        }
      }
      tabIndex={0}
    >
      <div
        onMouseDown={[Function]}
        onMouseLeave={[Function]}
        onMouseUp={[Function]}
        onTouchEnd={[Function]}
        onTouchStart={[Function]}
      >
        <span
          style={
            Object {
              "fontSize": 14,
              "fontWeight": 500,
              "letterSpacing": 0,
              "muiPrepared": true,
              "paddingLeft": 16,
              "paddingRight": 16,
              "position": "relative",
              "textTransform": "uppercase",
              "verticalAlign": "middle",
            }
          }
        >
          About
        </span>
      </div>
    </a>
  </div>
</nav>
`;
