// Jest Snapshot v1, https://goo.gl/fbAQLP

exports[`util/api ApiError ApiError 1`] = `[ApiError: url: test.test, status: 500]`;
